// Vitest Snapshot v1

exports[`Rating test > Should render the component 1`] = `
{
  "asFragment": [Function],
  "baseElement": <body>
    <div>
      <div
        class="db-rating"
      >
        <svg
          fill="none"
          height="13"
          viewBox="0 0 15 13"
          width="15"
          xmlns="http://www.w3.org/2000/svg"
        >
          <path
            d="M7.27778 0L8.91174 4.83688H14.1994L9.92159 7.82624L11.5555 12.6631L7.27778 9.67376L3.00001 12.6631L4.63397 7.82624L0.3562 4.83688H5.64382L7.27778 0Z"
            fill="#1DBEB4"
          />
        </svg>
        <svg
          fill="none"
          height="13"
          viewBox="0 0 15 13"
          width="15"
          xmlns="http://www.w3.org/2000/svg"
        >
          <path
            d="M7.27778 0L8.91174 4.83688H14.1994L9.92159 7.82624L11.5555 12.6631L7.27778 9.67376L3.00001 12.6631L4.63397 7.82624L0.3562 4.83688H5.64382L7.27778 0Z"
            fill="#1DBEB4"
          />
        </svg>
        <svg
          fill="none"
          height="13"
          viewBox="0 0 15 13"
          width="15"
          xmlns="http://www.w3.org/2000/svg"
        >
          <path
            d="M7.27778 0L8.91174 4.83688H14.1994L9.92159 7.82624L11.5555 12.6631L7.27778 9.67376L3.00001 12.6631L4.63397 7.82624L0.3562 4.83688H5.64382L7.27778 0Z"
            fill="#1DBEB4"
          />
        </svg>
        <svg
          fill="none"
          height="13"
          viewBox="0 0 15 13"
          width="15"
          xmlns="http://www.w3.org/2000/svg"
        >
          <path
            d="M7.27778 0L8.91174 4.83688H14.1994L9.92159 7.82624L11.5555 12.6631L7.27778 9.67376L3.00001 12.6631L4.63397 7.82624L0.3562 4.83688H5.64382L7.27778 0Z"
            fill="#1DBEB4"
          />
        </svg>
      </div>
    </div>
  </body>,
  "container": <div>
    <div
      class="db-rating"
    >
      <svg
        fill="none"
        height="13"
        viewBox="0 0 15 13"
        width="15"
        xmlns="http://www.w3.org/2000/svg"
      >
        <path
          d="M7.27778 0L8.91174 4.83688H14.1994L9.92159 7.82624L11.5555 12.6631L7.27778 9.67376L3.00001 12.6631L4.63397 7.82624L0.3562 4.83688H5.64382L7.27778 0Z"
          fill="#1DBEB4"
        />
      </svg>
      <svg
        fill="none"
        height="13"
        viewBox="0 0 15 13"
        width="15"
        xmlns="http://www.w3.org/2000/svg"
      >
        <path
          d="M7.27778 0L8.91174 4.83688H14.1994L9.92159 7.82624L11.5555 12.6631L7.27778 9.67376L3.00001 12.6631L4.63397 7.82624L0.3562 4.83688H5.64382L7.27778 0Z"
          fill="#1DBEB4"
        />
      </svg>
      <svg
        fill="none"
        height="13"
        viewBox="0 0 15 13"
        width="15"
        xmlns="http://www.w3.org/2000/svg"
      >
        <path
          d="M7.27778 0L8.91174 4.83688H14.1994L9.92159 7.82624L11.5555 12.6631L7.27778 9.67376L3.00001 12.6631L4.63397 7.82624L0.3562 4.83688H5.64382L7.27778 0Z"
          fill="#1DBEB4"
        />
      </svg>
      <svg
        fill="none"
        height="13"
        viewBox="0 0 15 13"
        width="15"
        xmlns="http://www.w3.org/2000/svg"
      >
        <path
          d="M7.27778 0L8.91174 4.83688H14.1994L9.92159 7.82624L11.5555 12.6631L7.27778 9.67376L3.00001 12.6631L4.63397 7.82624L0.3562 4.83688H5.64382L7.27778 0Z"
          fill="#1DBEB4"
        />
      </svg>
    </div>
  </div>,
  "debug": [Function],
  "findAllByAltText": [Function],
  "findAllByDisplayValue": [Function],
  "findAllByLabelText": [Function],
  "findAllByPlaceholderText": [Function],
  "findAllByRole": [Function],
  "findAllByTestId": [Function],
  "findAllByText": [Function],
  "findAllByTitle": [Function],
  "findByAltText": [Function],
  "findByDisplayValue": [Function],
  "findByLabelText": [Function],
  "findByPlaceholderText": [Function],
  "findByRole": [Function],
  "findByTestId": [Function],
  "findByText": [Function],
  "findByTitle": [Function],
  "getAllByAltText": [Function],
  "getAllByDisplayValue": [Function],
  "getAllByLabelText": [Function],
  "getAllByPlaceholderText": [Function],
  "getAllByRole": [Function],
  "getAllByTestId": [Function],
  "getAllByText": [Function],
  "getAllByTitle": [Function],
  "getByAltText": [Function],
  "getByDisplayValue": [Function],
  "getByLabelText": [Function],
  "getByPlaceholderText": [Function],
  "getByRole": [Function],
  "getByTestId": [Function],
  "getByText": [Function],
  "getByTitle": [Function],
  "queryAllByAltText": [Function],
  "queryAllByDisplayValue": [Function],
  "queryAllByLabelText": [Function],
  "queryAllByPlaceholderText": [Function],
  "queryAllByRole": [Function],
  "queryAllByTestId": [Function],
  "queryAllByText": [Function],
  "queryAllByTitle": [Function],
  "queryByAltText": [Function],
  "queryByDisplayValue": [Function],
  "queryByLabelText": [Function],
  "queryByPlaceholderText": [Function],
  "queryByRole": [Function],
  "queryByTestId": [Function],
  "queryByText": [Function],
  "queryByTitle": [Function],
  "rerender": [Function],
  "unmount": [Function],
}
`;
